kpm: failed to login 'ghcr.io', please check registry, username and password is valid
kpm: Get "https://ghcr.io/v2/": unsupported