COMMANDS:
   init      initialize new module in current directory
   add       add new dependency
   pkg       package a kcl package into tar
   metadata  output the resolved dependencies of a package
   run       compile kcl package.
   login     login to a registry
   logout    logout from a registry
   push      push kcl package to OCI registry.
   pull      pull kcl package from OCI registry.
   help, h   Shows a list of commands or help for one command