kpm: start to pull 'oci://localhost:5001/test/k8s'.
kpm: the lastest version '1.27' will be pulled.
kpm: pulling 'localhost:5001/test/k8s'.
kpm: pulled 'oci://localhost:5001/test/k8s' in '<workspace>/localhost:5001/test/k8s' successfully.