kpm: invalid oci package reference 'k8s:k8s:1.0.0'
