kpm: invalid 'kpm add' argument, you must provide a package name or url for the package.
