adding 'k8s' with version '1.27'
apiVersion: v1
kind: Pod
metadata:
  name: web-app
spec:
  containers:
  - image: nginx
    name: main-container
    ports:
    - containerPort: 80
