kpm: adding dependency 'k8s'.
kpm: the lastest version '1.27' will be added.
kpm: downloading 'test/k8s:1.27' from 'localhost:5001/test/k8s:1.27'.
kpm: add dependency 'k8s' successfully.
