failed to compile the kcl package
because '-' in the original dependency names is replaced with '_'
please check your dependencies with '-' or '_' in dependency name
dependency name conflict, 'dep_with_line' already exists