removing 'k8s' with version '1.27'
adding 'k8s' with version '1.14'