failed to select latest version from 'localhost:5002/test/path/to/not/exist'
