start to pull 'k8s:1.27'
pulling 'test/k8s:1.27' from 'localhost:5002/test/k8s'
pulled 'k8s:1.27' in '<workspace>/localhost:5002/test/k8s/1.27' successfully