Incorrect Usage: flag needs an argument: -input

NAME:
   kpm run - compile kcl package.

USAGE:
   kpm run command [command options]

COMMANDS:
   help, h  Shows a list of commands or help for one command

OPTIONS:
   --input value [ --input value ]                              a kcl file as the compile entry file
   --tag value                                                  the tag for oci artifact
   --vendor                                                     run in vendor mode (default: false)
   --no_sum_check                                               do not check the checksum of the package and update kcl.mod.lock (default: false)
   --setting value, -Y value [ --setting value, -Y value ]      specify the input setting file
   --argument value, -D value [ --argument value, -D value ]    specify the top-level argument
   --overrides value, -O value [ --overrides value, -O value ]  specify the configuration override path and value
   --disable_none, -n                                           disable dumping None values (default: false)
   --sort_keys, -k                                              sort result keys (default: false)
   --help, -h                                                   show help
