package 'helloworld' will be pushed
pushed [registry] localhost:5001/test/helloworld