{"packages":{"dep-with-line":{"name":"dep-with-line","manifest_path":"<workspace>/test_kpm_metadata/dep-with-line"}}}