kpm: oci url must be specified.
kpm: run 'kpm push help' for more information.
