Incorrect Usage: flag needs an argument: -tag

NAME:
   kpm pull - pull kcl package from OCI registry.

USAGE:
   kpm pull command [command options]

COMMANDS:
   help, h  Shows a list of commands or help for one command

OPTIONS:
   --tag value  the tag for oci artifact
   --help, -h   show help
