kpm: could not load 'kcl.mod' in '<workspace>'
kpm: open <workspace>/kcl.mod: no such file or directory
