start to pull 'oci://localhost:5002/test/helloworld'
the latest version '0.1.2' will be pulled
pulling 'test/helloworld:0.1.2' from 'localhost:5002/test/helloworld'
pulled 'oci://localhost:5002/test/helloworld' in '<workspace>/localhost:5002/test/helloworld/0.1.2' successfully