adding dependency 'k8s'
downloading 'test/k8s:not_exist_tag' from 'localhost:5002/test/k8s:not_exist_tag'
