failed to get package with 'not_exist_tag' from 'localhost:5002/test/k8s'
failed to resolve not_exist_tag: localhost:5002/test/k8s:not_exist_tag: not found
