downloading 'test/invalid_oci_repo:invalid_tag' from 'localhost:5002/test/invalid_oci_repo:invalid_tag'