start to pull 'oci://localhost:5002/test/k8s' with tag '1.14'
pulling 'test/k8s:1.14' from 'localhost:5002/test/k8s'
pulled 'oci://localhost:5002/test/k8s' in '<workspace>/localhost:5002/test/k8s/1.14' successfully