kpm: could not load 'kcl.mod' in '<workspace>/an_invalid_kcl_pkg'
