kpm: failed to select latest version from 'localhost:5001/test/not_exist'.
