kpm: the current package 'kcl1' will be pushed.
kpm: oci ref is not an url.
