kpm: failed to logout 'invalid_registry'
kpm: not logged in