adding dependency 'catalog'
cloning 'https://github.com/KusionStack/catalog.git' with commit '3891e96'